$ next build
   Γû▓ Next.js 16.0.6 (Turbopack)
   - Experiments (use with caution):
     ┬╖ optimizePackageImports

   Creating an optimized production build ...
 Γ£ô Compiled successfully in 7.6s
   Running TypeScript ...
   Collecting page data using 7 workers ...
   Generating static pages using 7 workers (0/5) ...
   Generating static pages using 7 workers (1/5) 
   Generating static pages using 7 workers (2/5) 
   Generating static pages using 7 workers (3/5) 
 Γ£ô Generating static pages using 7 workers (5/5) in 945.5ms
   Finalizing page optimization ...

Route (app)
Γöî ╞Æ /
Γö£ Γùï /_not-found
Γö£ ╞Æ /api/guest-messages
Γö£ Γùï /robots.txt
Γöö Γùï /sitemap.xml


Γùï  (Static)   prerendered as static content
╞Æ  (Dynamic)  server-rendered on demand

